******************************************************************************
                  TI ARM Linker PC v5.2.5                      
******************************************************************************
>> Linked Fri Mar 25 20:10:37 2016

OUTPUT FILE NAME:   <Prueba_0.out>
ENTRY POINT SYMBOL: "_c_int00"  address: 000007fd


MEMORY CONFIGURATION

         name            origin    length      used     unused   attr    fill
----------------------  --------  ---------  --------  --------  ----  --------
  FLASH                 00000000   00100000  00000c00  000ff400  R  X
  SRAM                  20000000   00040000  0000007b  0003ff85  RW X


SEGMENT ALLOCATION MAP

run origin  load origin   length   init length attrs members
----------  ----------- ---------- ----------- ----- -------
00000000    00000000    00000c04   00000c04    r-x
  00000000    00000000    00000208   00000208    r-- .intvecs
  00000208    00000208    00000810   00000810    r-x .text
  00000a18    00000a18    000001c4   000001c4    r-- .const
  00000be0    00000be0    00000024   00000024    r-- .cinit
20000000    20000000    0000007b   00000000    rw-
  20000000    20000000    00000064   00000000    rw- .stack
  20000064    20000064    00000017   00000000    rw- .data


SECTION ALLOCATION MAP

 output                                  attributes/
section   page    origin      length       input sections
--------  ----  ----------  ----------   ----------------
.intvecs   0    00000000    00000208     
                  00000000    00000208     tm4c1294ncpdt_startup_ccs.obj (.intvecs)

.text      0    00000208    00000810     
                  00000208    00000204     driverlib.lib : sysctl.obj (.text:SysCtlClockFreqSet)
                  0000040c    00000132                   : gpio.obj (.text:GPIOPadConfigSet)
                  0000053e    00000002     --HOLE-- [fill = 0]
                  00000540    000000cc     Ejemplos.obj (.text)
                  0000060c    0000009c     rtsv7M4_T_le_v4SPD16_eabi.lib : memcpy_t2.obj (.text)
                  000006a8    0000007a                                   : memset_t2.obj (.text)
                  00000722    00000002     --HOLE-- [fill = 0]
                  00000724    0000006c                                   : autoinit.obj (.text)
                  00000790    0000006a                                   : copy_decompress_rle.obj (.text)
                  000007fa    00000002     --HOLE-- [fill = 0]
                  000007fc    00000050                                   : boot.obj (.text)
                  0000084c    0000004c                                   : cpy_tbl.obj (.text)
                  00000898    00000048     driverlib.lib : sysctl.obj (.text:_SysCtlFrequencyGet)
                  000008e0    00000044     rtsv7M4_T_le_v4SPD16_eabi.lib : exit.obj (.text)
                  00000924    00000034     driverlib.lib : sysctl.obj (.text:SysCtlPeripheralEnable)
                  00000958    0000002a                   : gpio.obj (.text:GPIODirModeSet)
                  00000982    00000002     --HOLE-- [fill = 0]
                  00000984    00000020                   : sysctl.obj (.text:_SysCtlMemTimingGet)
                  000009a4    00000018                   : gpio.obj (.text:GPIOPinTypeGPIOOutput)
                  000009bc    00000018     rtsv7M4_T_le_v4SPD16_eabi.lib : args_main.obj (.text)
                  000009d4    00000014                                   : _lock.obj (.text)
                  000009e8    0000000e                                   : copy_decompress_none.obj (.text:decompress:none)
                  000009f6    0000000c     tm4c1294ncpdt_startup_ccs.obj (.text)
                  00000a02    00000006     driverlib.lib : gpio.obj (.text:GPIOPinWrite)
                  00000a08    00000006                   : sysctl.obj (.text:SysCtlDelay)
                  00000a0e    00000006     rtsv7M4_T_le_v4SPD16_eabi.lib : copy_decompress_rle.obj (.text:decompress:rle24)
                  00000a14    00000004                                   : pre_init.obj (.text)

.const     0    00000a18    000001c4     
                  00000a18    00000120     driverlib.lib : sysctl.obj (.const:g_pppui32XTALtoVCO)
                  00000b38    0000006c                   : sysctl.obj (.const:g_pui32Xtals)
                  00000ba4    00000030                   : sysctl.obj (.const:g_sXTALtoMEMTIM)
                  00000bd4    00000008                   : sysctl.obj (.const)

.cinit     0    00000be0    00000024     
                  00000be0    00000011     (.cinit..data.load) [load image, compression = rle]
                  00000bf1    00000003     --HOLE-- [fill = 0]
                  00000bf4    00000008     (__TI_handler_table)
                  00000bfc    00000008     (__TI_cinit_table)

.init_array 
*          0    00000000    00000000     UNINITIALIZED

.stack     0    20000000    00000064     UNINITIALIZED
                  20000000    00000064     --HOLE--

.data      0    20000064    00000017     UNINITIALIZED
                  20000064    00000008     rtsv7M4_T_le_v4SPD16_eabi.lib : _lock.obj (.data)
                  2000006c    00000008                                   : exit.obj (.data)
                  20000074    00000004                                   : stkdepth_vars.obj (.data)
                  20000078    00000003     Ejemplos.obj (.data)

.TI.persistent 
*          0    20000064    00000000     UNINITIALIZED


LINKER GENERATED COPY TABLES

__TI_cinit_table @ 00000bfc records: 1, size/record: 8, table size: 8
	.data: load addr=00000be0, load size=00000011 bytes, run addr=20000064, run size=00000017 bytes, compression=rle


LINKER GENERATED HANDLER TABLE

__TI_handler_table @ 00000bf4 records: 2, size/record: 4, table size: 8
	index: 0, handler: __TI_decompress_rle24
	index: 1, handler: __TI_decompress_none


GLOBAL SYMBOLS: SORTED ALPHABETICALLY BY Name 

address   name                    
-------   ----                    
000008e1  C$$EXIT                 
00000959  GPIODirModeSet          
0000040d  GPIOPadConfigSet        
000009a5  GPIOPinTypeGPIOOutput   
00000a03  GPIOPinWrite            
20000079  Pin                     
000009f7  ResetISR                
UNDEFED   SHT$$INIT_ARRAY$$Base   
UNDEFED   SHT$$INIT_ARRAY$$Limit  
00000209  SysCtlClockFreqSet      
00000a09  SysCtlDelay             
00000925  SysCtlPeripheralEnable  
20000064  __STACK_END             
00000064  __STACK_SIZE            
20000200  __STACK_TOP             
00000bfc  __TI_CINIT_Base         
00000c04  __TI_CINIT_Limit        
00000bf4  __TI_Handler_Table_Base 
00000bfc  __TI_Handler_Table_Limit
00000725  __TI_auto_init          
2000006c  __TI_cleanup_ptr        
000009e9  __TI_decompress_none    
00000a0f  __TI_decompress_rle24   
20000070  __TI_dtors_ptr          
00000000  __TI_static_base__      
000006a9  __aeabi_memclr          
000006a9  __aeabi_memclr4         
000006a9  __aeabi_memclr8         
0000060d  __aeabi_memcpy          
0000060d  __aeabi_memcpy4         
0000060d  __aeabi_memcpy8         
000006ab  __aeabi_memset          
000006ab  __aeabi_memset4         
000006ab  __aeabi_memset8         
ffffffff  __binit__               
ffffffff  __c_args__              
20000000  __stack                 
000009bd  _args_main              
000007fd  _c_int00                
20000064  _lock                   
000009e3  _nop                    
000009db  _register_lock          
000009d5  _register_unlock        
00000a15  _system_pre_init        
20000068  _unlock                 
000008e5  abort                   
ffffffff  binit                   
00000541  configuracion           
0000084d  copy_in                 
000008ed  exit                    
00000000  g_pfnVectors            
20000078  i                       
00000585  main                    
20000074  main_func_sp            
0000060d  memcpy                  
000006b1  memset                  
000005b1  secuencia               


GLOBAL SYMBOLS: SORTED BY Symbol Address 

address   name                    
-------   ----                    
00000000  __TI_static_base__      
00000000  g_pfnVectors            
00000064  __STACK_SIZE            
00000209  SysCtlClockFreqSet      
0000040d  GPIOPadConfigSet        
00000541  configuracion           
00000585  main                    
000005b1  secuencia               
0000060d  __aeabi_memcpy          
0000060d  __aeabi_memcpy4         
0000060d  __aeabi_memcpy8         
0000060d  memcpy                  
000006a9  __aeabi_memclr          
000006a9  __aeabi_memclr4         
000006a9  __aeabi_memclr8         
000006ab  __aeabi_memset          
000006ab  __aeabi_memset4         
000006ab  __aeabi_memset8         
000006b1  memset                  
00000725  __TI_auto_init          
000007fd  _c_int00                
0000084d  copy_in                 
000008e1  C$$EXIT                 
000008e5  abort                   
000008ed  exit                    
00000925  SysCtlPeripheralEnable  
00000959  GPIODirModeSet          
000009a5  GPIOPinTypeGPIOOutput   
000009bd  _args_main              
000009d5  _register_unlock        
000009db  _register_lock          
000009e3  _nop                    
000009e9  __TI_decompress_none    
000009f7  ResetISR                
00000a03  GPIOPinWrite            
00000a09  SysCtlDelay             
00000a0f  __TI_decompress_rle24   
00000a15  _system_pre_init        
00000bf4  __TI_Handler_Table_Base 
00000bfc  __TI_CINIT_Base         
00000bfc  __TI_Handler_Table_Limit
00000c04  __TI_CINIT_Limit        
20000000  __stack                 
20000064  __STACK_END             
20000064  _lock                   
20000068  _unlock                 
2000006c  __TI_cleanup_ptr        
20000070  __TI_dtors_ptr          
20000074  main_func_sp            
20000078  i                       
20000079  Pin                     
20000200  __STACK_TOP             
ffffffff  __binit__               
ffffffff  __c_args__              
ffffffff  binit                   
UNDEFED   SHT$$INIT_ARRAY$$Base   
UNDEFED   SHT$$INIT_ARRAY$$Limit  

[57 symbols]
